// Jest Snapshot v1, https://goo.gl/fbAQLP

exports[`Follows page should render correctly should render correctly with follows 1`] = `
<div
  className="MuiContainer-root MuiContainer-disableGutters MuiContainer-maxWidthLg"
>
  <div
    className="MuiPaper-root makeStyles-root-1 MuiPaper-elevation1 MuiPaper-rounded"
  >
    <div
      className="MuiGrid-root MuiGrid-container MuiGrid-spacing-xs-1"
    >
      <div
        className="MuiGrid-root MuiGrid-item MuiGrid-grid-xs-12 MuiGrid-grid-md-6"
      >
        <h4
          className="MuiTypography-root makeStyles-followTitle-2 MuiTypography-h4 MuiTypography-alignCenter"
        >
          Dr. STONE
        </h4>
        <div
          className="makeStyles-followContent-3"
        >
          <div
            className="makeStyles-thumbnail-5"
          >
            <a
              href="/manga/1"
              onClick={[Function]}
              onMouseEnter={[Function]}
              target="_blank"
            >
              <div
                style={
                  Object {
                    "bottom": 0,
                    "boxSizing": "border-box",
                    "display": "block",
                    "left": 0,
                    "margin": 0,
                    "overflow": "hidden",
                    "position": "absolute",
                    "right": 0,
                    "top": 0,
                  }
                }
              >
                <noscript>
                  <img
                    alt="Dr. STONE"
                    decoding="async"
                    sizes="(max-width: 600px) 192px, 256px"
                    src="/_next/image?url=%2Fimages%2Ftest.png.256.jpg&w=3840&q=75"
                    srcSet="/_next/image?url=%2Fimages%2Ftest.png.256.jpg&w=16&q=75 16w, /_next/image?url=%2Fimages%2Ftest.png.256.jpg&w=32&q=75 32w, /_next/image?url=%2Fimages%2Ftest.png.256.jpg&w=48&q=75 48w, /_next/image?url=%2Fimages%2Ftest.png.256.jpg&w=64&q=75 64w, /_next/image?url=%2Fimages%2Ftest.png.256.jpg&w=96&q=75 96w, /_next/image?url=%2Fimages%2Ftest.png.256.jpg&w=128&q=75 128w, /_next/image?url=%2Fimages%2Ftest.png.256.jpg&w=256&q=75 256w, /_next/image?url=%2Fimages%2Ftest.png.256.jpg&w=384&q=75 384w, /_next/image?url=%2Fimages%2Ftest.png.256.jpg&w=640&q=75 640w, /_next/image?url=%2Fimages%2Ftest.png.256.jpg&w=750&q=75 750w, /_next/image?url=%2Fimages%2Ftest.png.256.jpg&w=828&q=75 828w, /_next/image?url=%2Fimages%2Ftest.png.256.jpg&w=1080&q=75 1080w, /_next/image?url=%2Fimages%2Ftest.png.256.jpg&w=1200&q=75 1200w, /_next/image?url=%2Fimages%2Ftest.png.256.jpg&w=1920&q=75 1920w, /_next/image?url=%2Fimages%2Ftest.png.256.jpg&w=2048&q=75 2048w, /_next/image?url=%2Fimages%2Ftest.png.256.jpg&w=3840&q=75 3840w"
                    style={
                      Object {
                        "border": "none",
                        "bottom": 0,
                        "boxSizing": "border-box",
                        "display": "block",
                        "height": 0,
                        "left": 0,
                        "margin": "auto",
                        "maxHeight": "100%",
                        "maxWidth": "100%",
                        "minHeight": "100%",
                        "minWidth": "100%",
                        "objectFit": "contain",
                        "objectPosition": undefined,
                        "padding": 0,
                        "position": "absolute",
                        "right": 0,
                        "top": 0,
                        "width": 0,
                      }
                    }
                  />
                </noscript>
                <img
                  alt="Dr. STONE"
                  decoding="async"
                  src="data:image/gif;base64,R0lGODlhAQABAIAAAAAAAP///yH5BAEAAAAALAAAAAABAAEAAAIBRAA7"
                  style={
                    Object {
                      "border": "none",
                      "bottom": 0,
                      "boxSizing": "border-box",
                      "display": "block",
                      "height": 0,
                      "left": 0,
                      "margin": "auto",
                      "maxHeight": "100%",
                      "maxWidth": "100%",
                      "minHeight": "100%",
                      "minWidth": "100%",
                      "objectFit": "contain",
                      "objectPosition": undefined,
                      "padding": 0,
                      "position": "absolute",
                      "right": 0,
                      "top": 0,
                      "width": 0,
                    }
                  }
                />
              </div>
            </a>
          </div>
          <div
            className="makeStyles-followDetails-4"
          >
            <table>
              <tbody>
                <tr>
                  <td>
                    <p
                      className="MuiTypography-root MuiTypography-body1"
                    >
                      Latest release: 
                    </p>
                  </td>
                  <td>
                    <p
                      className="MuiTypography-root MuiTypography-body1"
                    >
                      1 day ago
                    </p>
                  </td>
                </tr>
                <tr>
                  <td>
                    <p
                      className="MuiTypography-root MuiTypography-body1"
                    >
                      Latest chapter: 
                    </p>
                  </td>
                  <td>
                    <p
                      className="MuiTypography-root MuiTypography-body1"
                    >
                      90
                    </p>
                  </td>
                </tr>
              </tbody>
            </table>
            <ul
              className="MuiList-root makeStyles-serviceList-6 MuiList-padding"
            >
              <li
                className="MuiListItem-root makeStyles-followService-7"
                disabled={false}
              >
                <div
                  className="MuiListItemText-root makeStyles-serviceName-8"
                >
                  <span
                    className="MuiTypography-root MuiListItemText-primary MuiTypography-body1 MuiTypography-displayBlock"
                  >
                    All services
                  </span>
                </div>
                <button
                  className="MuiButtonBase-root MuiButton-root MuiButton-contained MuiButton-containedPrimary"
                  disabled={false}
                  onBlur={[Function]}
                  onClick={[Function]}
                  onDragLeave={[Function]}
                  onFocus={[Function]}
                  onKeyDown={[Function]}
                  onKeyUp={[Function]}
                  onMouseDown={[Function]}
                  onMouseLeave={[Function]}
                  onMouseUp={[Function]}
                  onTouchEnd={[Function]}
                  onTouchMove={[Function]}
                  onTouchStart={[Function]}
                  tabIndex={0}
                  type="button"
                >
                  <span
                    className="MuiButton-label"
                  >
                    Unfollow
                  </span>
                </button>
              </li>
              <li
                className="MuiListItem-root makeStyles-followService-7"
                disabled={false}
              >
                <div
                  className="MuiListItemText-root makeStyles-serviceName-8"
                >
                  <span
                    className="MuiTypography-root MuiListItemText-primary MuiTypography-body1 MuiTypography-displayBlock"
                  >
                    MANGA Plus
                  </span>
                </div>
                <button
                  className="MuiButtonBase-root MuiButton-root MuiButton-contained MuiButton-containedPrimary"
                  disabled={false}
                  onBlur={[Function]}
                  onClick={[Function]}
                  onDragLeave={[Function]}
                  onFocus={[Function]}
                  onKeyDown={[Function]}
                  onKeyUp={[Function]}
                  onMouseDown={[Function]}
                  onMouseLeave={[Function]}
                  onMouseUp={[Function]}
                  onTouchEnd={[Function]}
                  onTouchMove={[Function]}
                  onTouchStart={[Function]}
                  tabIndex={0}
                  type="button"
                >
                  <span
                    className="MuiButton-label"
                  >
                    Unfollow
                  </span>
                </button>
              </li>
              <li
                className="MuiListItem-root makeStyles-followService-7"
                disabled={false}
              >
                <div
                  className="MuiListItemText-root makeStyles-serviceName-8"
                >
                  <span
                    className="MuiTypography-root MuiListItemText-primary MuiTypography-body1 MuiTypography-displayBlock"
                  >
                    MangaDex
                  </span>
                </div>
                <button
                  className="MuiButtonBase-root MuiButton-root MuiButton-contained MuiButton-containedPrimary"
                  disabled={false}
                  onBlur={[Function]}
                  onClick={[Function]}
                  onDragLeave={[Function]}
                  onFocus={[Function]}
                  onKeyDown={[Function]}
                  onKeyUp={[Function]}
                  onMouseDown={[Function]}
                  onMouseLeave={[Function]}
                  onMouseUp={[Function]}
                  onTouchEnd={[Function]}
                  onTouchMove={[Function]}
                  onTouchStart={[Function]}
                  tabIndex={0}
                  type="button"
                >
                  <span
                    className="MuiButton-label"
                  >
                    Follow
                  </span>
                </button>
              </li>
            </ul>
          </div>
        </div>
      </div>
      <div
        className="MuiGrid-root MuiGrid-item MuiGrid-grid-xs-12 MuiGrid-grid-md-6"
      >
        <h4
          className="MuiTypography-root makeStyles-followTitle-2 MuiTypography-h4 MuiTypography-alignCenter"
        >
          Shuumatsu no Valkyrie
        </h4>
        <div
          className="makeStyles-followContent-3"
        >
          <div
            className="makeStyles-thumbnail-5"
          >
            <a
              href="/manga/8"
              onClick={[Function]}
              onMouseEnter={[Function]}
              target="_blank"
            >
              <div
                style={
                  Object {
                    "bottom": 0,
                    "boxSizing": "border-box",
                    "display": "block",
                    "left": 0,
                    "margin": 0,
                    "overflow": "hidden",
                    "position": "absolute",
                    "right": 0,
                    "top": 0,
                  }
                }
              >
                <noscript>
                  <img
                    alt="Shuumatsu no Valkyrie"
                    decoding="async"
                    sizes="(max-width: 600px) 192px, 256px"
                    src="/_next/image?url=%2Fimages%2Ftest2.png.256.jpg&w=3840&q=75"
                    srcSet="/_next/image?url=%2Fimages%2Ftest2.png.256.jpg&w=16&q=75 16w, /_next/image?url=%2Fimages%2Ftest2.png.256.jpg&w=32&q=75 32w, /_next/image?url=%2Fimages%2Ftest2.png.256.jpg&w=48&q=75 48w, /_next/image?url=%2Fimages%2Ftest2.png.256.jpg&w=64&q=75 64w, /_next/image?url=%2Fimages%2Ftest2.png.256.jpg&w=96&q=75 96w, /_next/image?url=%2Fimages%2Ftest2.png.256.jpg&w=128&q=75 128w, /_next/image?url=%2Fimages%2Ftest2.png.256.jpg&w=256&q=75 256w, /_next/image?url=%2Fimages%2Ftest2.png.256.jpg&w=384&q=75 384w, /_next/image?url=%2Fimages%2Ftest2.png.256.jpg&w=640&q=75 640w, /_next/image?url=%2Fimages%2Ftest2.png.256.jpg&w=750&q=75 750w, /_next/image?url=%2Fimages%2Ftest2.png.256.jpg&w=828&q=75 828w, /_next/image?url=%2Fimages%2Ftest2.png.256.jpg&w=1080&q=75 1080w, /_next/image?url=%2Fimages%2Ftest2.png.256.jpg&w=1200&q=75 1200w, /_next/image?url=%2Fimages%2Ftest2.png.256.jpg&w=1920&q=75 1920w, /_next/image?url=%2Fimages%2Ftest2.png.256.jpg&w=2048&q=75 2048w, /_next/image?url=%2Fimages%2Ftest2.png.256.jpg&w=3840&q=75 3840w"
                    style={
                      Object {
                        "border": "none",
                        "bottom": 0,
                        "boxSizing": "border-box",
                        "display": "block",
                        "height": 0,
                        "left": 0,
                        "margin": "auto",
                        "maxHeight": "100%",
                        "maxWidth": "100%",
                        "minHeight": "100%",
                        "minWidth": "100%",
                        "objectFit": "contain",
                        "objectPosition": undefined,
                        "padding": 0,
                        "position": "absolute",
                        "right": 0,
                        "top": 0,
                        "width": 0,
                      }
                    }
                  />
                </noscript>
                <img
                  alt="Shuumatsu no Valkyrie"
                  decoding="async"
                  src="data:image/gif;base64,R0lGODlhAQABAIAAAAAAAP///yH5BAEAAAAALAAAAAABAAEAAAIBRAA7"
                  style={
                    Object {
                      "border": "none",
                      "bottom": 0,
                      "boxSizing": "border-box",
                      "display": "block",
                      "height": 0,
                      "left": 0,
                      "margin": "auto",
                      "maxHeight": "100%",
                      "maxWidth": "100%",
                      "minHeight": "100%",
                      "minWidth": "100%",
                      "objectFit": "contain",
                      "objectPosition": undefined,
                      "padding": 0,
                      "position": "absolute",
                      "right": 0,
                      "top": 0,
                      "width": 0,
                    }
                  }
                />
              </div>
            </a>
          </div>
          <div
            className="makeStyles-followDetails-4"
          >
            <table>
              <tbody>
                <tr>
                  <td>
                    <p
                      className="MuiTypography-root MuiTypography-body1"
                    >
                      Latest release: 
                    </p>
                  </td>
                  <td>
                    <p
                      className="MuiTypography-root MuiTypography-body1"
                    >
                      Unknown
                    </p>
                  </td>
                </tr>
                <tr>
                  <td>
                    <p
                      className="MuiTypography-root MuiTypography-body1"
                    >
                      Latest chapter: 
                    </p>
                  </td>
                  <td>
                    <p
                      className="MuiTypography-root MuiTypography-body1"
                    >
                      No chapters
                    </p>
                  </td>
                </tr>
              </tbody>
            </table>
            <ul
              className="MuiList-root makeStyles-serviceList-6 MuiList-padding"
            >
              <li
                className="MuiListItem-root makeStyles-followService-7"
                disabled={false}
              >
                <div
                  className="MuiListItemText-root makeStyles-serviceName-8"
                >
                  <span
                    className="MuiTypography-root MuiListItemText-primary MuiTypography-body1 MuiTypography-displayBlock"
                  >
                    All services
                  </span>
                </div>
                <button
                  className="MuiButtonBase-root MuiButton-root MuiButton-contained MuiButton-containedPrimary"
                  disabled={false}
                  onBlur={[Function]}
                  onClick={[Function]}
                  onDragLeave={[Function]}
                  onFocus={[Function]}
                  onKeyDown={[Function]}
                  onKeyUp={[Function]}
                  onMouseDown={[Function]}
                  onMouseLeave={[Function]}
                  onMouseUp={[Function]}
                  onTouchEnd={[Function]}
                  onTouchMove={[Function]}
                  onTouchStart={[Function]}
                  tabIndex={0}
                  type="button"
                >
                  <span
                    className="MuiButton-label"
                  >
                    Unfollow
                  </span>
                </button>
              </li>
              <li
                className="MuiListItem-root makeStyles-followService-7"
                disabled={false}
              >
                <div
                  className="MuiListItemText-root makeStyles-serviceName-8"
                >
                  <span
                    className="MuiTypography-root MuiListItemText-primary MuiTypography-body1 MuiTypography-displayBlock"
                  >
                    MangaDex
                  </span>
                </div>
                <button
                  className="MuiButtonBase-root MuiButton-root MuiButton-contained MuiButton-containedPrimary"
                  disabled={false}
                  onBlur={[Function]}
                  onClick={[Function]}
                  onDragLeave={[Function]}
                  onFocus={[Function]}
                  onKeyDown={[Function]}
                  onKeyUp={[Function]}
                  onMouseDown={[Function]}
                  onMouseLeave={[Function]}
                  onMouseUp={[Function]}
                  onTouchEnd={[Function]}
                  onTouchMove={[Function]}
                  onTouchStart={[Function]}
                  tabIndex={0}
                  type="button"
                >
                  <span
                    className="MuiButton-label"
                  >
                    Follow
                  </span>
                </button>
              </li>
            </ul>
          </div>
        </div>
      </div>
      <div
        className="MuiGrid-root MuiGrid-item MuiGrid-grid-xs-12 MuiGrid-grid-md-6"
      >
        <h4
          className="MuiTypography-root makeStyles-followTitle-2 MuiTypography-h4 MuiTypography-alignCenter"
        >
          Kengan Omega
        </h4>
        <div
          className="makeStyles-followContent-3"
        >
          <div
            className="makeStyles-thumbnail-5"
          >
            <a
              href="/manga/64"
              onClick={[Function]}
              onMouseEnter={[Function]}
              target="_blank"
            >
              <div
                style={
                  Object {
                    "bottom": 0,
                    "boxSizing": "border-box",
                    "display": "block",
                    "left": 0,
                    "margin": 0,
                    "overflow": "hidden",
                    "position": "absolute",
                    "right": 0,
                    "top": 0,
                  }
                }
              >
                <noscript>
                  <img
                    alt="Kengan Omega"
                    decoding="async"
                    sizes="(max-width: 600px) 192px, 256px"
                    src="/_next/image?url=%2Fimages%2Ftest3.png.256.jpg&w=3840&q=75"
                    srcSet="/_next/image?url=%2Fimages%2Ftest3.png.256.jpg&w=16&q=75 16w, /_next/image?url=%2Fimages%2Ftest3.png.256.jpg&w=32&q=75 32w, /_next/image?url=%2Fimages%2Ftest3.png.256.jpg&w=48&q=75 48w, /_next/image?url=%2Fimages%2Ftest3.png.256.jpg&w=64&q=75 64w, /_next/image?url=%2Fimages%2Ftest3.png.256.jpg&w=96&q=75 96w, /_next/image?url=%2Fimages%2Ftest3.png.256.jpg&w=128&q=75 128w, /_next/image?url=%2Fimages%2Ftest3.png.256.jpg&w=256&q=75 256w, /_next/image?url=%2Fimages%2Ftest3.png.256.jpg&w=384&q=75 384w, /_next/image?url=%2Fimages%2Ftest3.png.256.jpg&w=640&q=75 640w, /_next/image?url=%2Fimages%2Ftest3.png.256.jpg&w=750&q=75 750w, /_next/image?url=%2Fimages%2Ftest3.png.256.jpg&w=828&q=75 828w, /_next/image?url=%2Fimages%2Ftest3.png.256.jpg&w=1080&q=75 1080w, /_next/image?url=%2Fimages%2Ftest3.png.256.jpg&w=1200&q=75 1200w, /_next/image?url=%2Fimages%2Ftest3.png.256.jpg&w=1920&q=75 1920w, /_next/image?url=%2Fimages%2Ftest3.png.256.jpg&w=2048&q=75 2048w, /_next/image?url=%2Fimages%2Ftest3.png.256.jpg&w=3840&q=75 3840w"
                    style={
                      Object {
                        "border": "none",
                        "bottom": 0,
                        "boxSizing": "border-box",
                        "display": "block",
                        "height": 0,
                        "left": 0,
                        "margin": "auto",
                        "maxHeight": "100%",
                        "maxWidth": "100%",
                        "minHeight": "100%",
                        "minWidth": "100%",
                        "objectFit": "contain",
                        "objectPosition": undefined,
                        "padding": 0,
                        "position": "absolute",
                        "right": 0,
                        "top": 0,
                        "width": 0,
                      }
                    }
                  />
                </noscript>
                <img
                  alt="Kengan Omega"
                  decoding="async"
                  src="data:image/gif;base64,R0lGODlhAQABAIAAAAAAAP///yH5BAEAAAAALAAAAAABAAEAAAIBRAA7"
                  style={
                    Object {
                      "border": "none",
                      "bottom": 0,
                      "boxSizing": "border-box",
                      "display": "block",
                      "height": 0,
                      "left": 0,
                      "margin": "auto",
                      "maxHeight": "100%",
                      "maxWidth": "100%",
                      "minHeight": "100%",
                      "minWidth": "100%",
                      "objectFit": "contain",
                      "objectPosition": undefined,
                      "padding": 0,
                      "position": "absolute",
                      "right": 0,
                      "top": 0,
                      "width": 0,
                    }
                  }
                />
              </div>
            </a>
          </div>
          <div
            className="makeStyles-followDetails-4"
          >
            <table>
              <tbody>
                <tr>
                  <td>
                    <p
                      className="MuiTypography-root MuiTypography-body1"
                    >
                      Latest release: 
                    </p>
                  </td>
                  <td>
                    <p
                      className="MuiTypography-root MuiTypography-body1"
                    >
                      Unknown
                    </p>
                  </td>
                </tr>
                <tr>
                  <td>
                    <p
                      className="MuiTypography-root MuiTypography-body1"
                    >
                      Latest chapter: 
                    </p>
                  </td>
                  <td>
                    <p
                      className="MuiTypography-root MuiTypography-body1"
                    >
                      10
                    </p>
                  </td>
                </tr>
              </tbody>
            </table>
            <ul
              className="MuiList-root makeStyles-serviceList-6 MuiList-padding"
            >
              <li
                className="MuiListItem-root makeStyles-followService-7"
                disabled={false}
              >
                <div
                  className="MuiListItemText-root makeStyles-serviceName-8"
                >
                  <span
                    className="MuiTypography-root MuiListItemText-primary MuiTypography-body1 MuiTypography-displayBlock"
                  >
                    All services
                  </span>
                </div>
                <button
                  className="MuiButtonBase-root MuiButton-root MuiButton-contained MuiButton-containedPrimary"
                  disabled={false}
                  onBlur={[Function]}
                  onClick={[Function]}
                  onDragLeave={[Function]}
                  onFocus={[Function]}
                  onKeyDown={[Function]}
                  onKeyUp={[Function]}
                  onMouseDown={[Function]}
                  onMouseLeave={[Function]}
                  onMouseUp={[Function]}
                  onTouchEnd={[Function]}
                  onTouchMove={[Function]}
                  onTouchStart={[Function]}
                  tabIndex={0}
                  type="button"
                >
                  <span
                    className="MuiButton-label"
                  >
                    Unfollow
                  </span>
                </button>
              </li>
              <li
                className="MuiListItem-root makeStyles-followService-7"
                disabled={false}
              >
                <div
                  className="MuiListItemText-root makeStyles-serviceName-8"
                >
                  <span
                    className="MuiTypography-root MuiListItemText-primary MuiTypography-body1 MuiTypography-displayBlock"
                  >
                    MangaDex
                  </span>
                </div>
                <button
                  className="MuiButtonBase-root MuiButton-root MuiButton-contained MuiButton-containedPrimary"
                  disabled={false}
                  onBlur={[Function]}
                  onClick={[Function]}
                  onDragLeave={[Function]}
                  onFocus={[Function]}
                  onKeyDown={[Function]}
                  onKeyUp={[Function]}
                  onMouseDown={[Function]}
                  onMouseLeave={[Function]}
                  onMouseUp={[Function]}
                  onTouchEnd={[Function]}
                  onTouchMove={[Function]}
                  onTouchStart={[Function]}
                  tabIndex={0}
                  type="button"
                >
                  <span
                    className="MuiButton-label"
                  >
                    Follow
                  </span>
                </button>
              </li>
            </ul>
          </div>
        </div>
      </div>
    </div>
  </div>
</div>
`;

exports[`Follows page should render correctly should render correctly without follows 1`] = `
<div
  className="MuiContainer-root MuiContainer-disableGutters MuiContainer-maxWidthLg"
>
  <div
    className="MuiPaper-root makeStyles-root-1 MuiPaper-elevation1 MuiPaper-rounded"
  >
    <div
      className="MuiGrid-root MuiGrid-container MuiGrid-spacing-xs-1"
    />
  </div>
</div>
`;
