// Jest Snapshot v1, https://goo.gl/fbAQLP

exports[`Services page should render correctly should render correctly with services 1`] = `
<div
  className="MuiContainer-root MuiContainer-maxWidthLg"
  style={
    Object {
      "minWidth": "950px",
    }
  }
>
  <div
    className="MuiPaper-root MuiTableContainer-root MuiPaper-elevation1 MuiPaper-rounded"
  >
    <div>
      <div
        className="MuiToolbar-root MuiToolbar-regular makeStyles-root-5 MuiToolbar-gutters"
      >
        <h6
          className="MuiTypography-root makeStyles-title-6 MuiTypography-h6"
        >
          Services
        </h6>
      </div>
      <table
        aria-label="Services"
        className="MuiTable-root"
        role="table"
      >
        <colgroup>
          <col />
          <col />
          <col />
          <col />
          <col />
        </colgroup>
        <thead
          className="MuiTableHead-root makeStyles-tableHead-2"
          role={null}
        >
          <tr
            className="MuiTableRow-root MuiTableRow-head"
            role="row"
          >
            <th
              className="MuiTableCell-root MuiTableCell-head"
              colSpan={1}
              role="columnheader"
              scope="col"
              style={
                Object {
                  "cursor": undefined,
                }
              }
            />
            <th
              className="MuiTableCell-root MuiTableCell-head"
              colSpan={1}
              onClick={[Function]}
              role="columnheader"
              scope="col"
              style={
                Object {
                  "cursor": "pointer",
                }
              }
            >
              <span
                aria-disabled={false}
                className="MuiButtonBase-root MuiTableSortLabel-root"
                onBlur={[Function]}
                onDragLeave={[Function]}
                onFocus={[Function]}
                onKeyDown={[Function]}
                onKeyUp={[Function]}
                onMouseDown={[Function]}
                onMouseLeave={[Function]}
                onMouseUp={[Function]}
                onTouchEnd={[Function]}
                onTouchMove={[Function]}
                onTouchStart={[Function]}
                role="button"
                tabIndex={0}
              >
                Id
                <svg
                  aria-hidden={true}
                  className="MuiSvgIcon-root MuiTableSortLabel-icon MuiTableSortLabel-iconDirectionAsc"
                  focusable="false"
                  viewBox="0 0 24 24"
                >
                  <path
                    d="M20 12l-1.41-1.41L13 16.17V4h-2v12.17l-5.58-5.59L4 12l8 8 8-8z"
                  />
                </svg>
              </span>
            </th>
            <th
              className="MuiTableCell-root MuiTableCell-head"
              colSpan={1}
              onClick={[Function]}
              role="columnheader"
              scope="col"
              style={
                Object {
                  "cursor": "pointer",
                }
              }
            >
              <span
                aria-disabled={false}
                className="MuiButtonBase-root MuiTableSortLabel-root"
                onBlur={[Function]}
                onDragLeave={[Function]}
                onFocus={[Function]}
                onKeyDown={[Function]}
                onKeyUp={[Function]}
                onMouseDown={[Function]}
                onMouseLeave={[Function]}
                onMouseUp={[Function]}
                onTouchEnd={[Function]}
                onTouchMove={[Function]}
                onTouchStart={[Function]}
                role="button"
                tabIndex={0}
              >
                Name
                <svg
                  aria-hidden={true}
                  className="MuiSvgIcon-root MuiTableSortLabel-icon MuiTableSortLabel-iconDirectionAsc"
                  focusable="false"
                  viewBox="0 0 24 24"
                >
                  <path
                    d="M20 12l-1.41-1.41L13 16.17V4h-2v12.17l-5.58-5.59L4 12l8 8 8-8z"
                  />
                </svg>
              </span>
            </th>
            <th
              className="MuiTableCell-root MuiTableCell-head"
              colSpan={1}
              onClick={[Function]}
              role="columnheader"
              scope="col"
              style={
                Object {
                  "cursor": "pointer",
                }
              }
            >
              <span
                aria-disabled={false}
                className="MuiButtonBase-root MuiTableSortLabel-root"
                onBlur={[Function]}
                onDragLeave={[Function]}
                onFocus={[Function]}
                onKeyDown={[Function]}
                onKeyUp={[Function]}
                onMouseDown={[Function]}
                onMouseLeave={[Function]}
                onMouseUp={[Function]}
                onTouchEnd={[Function]}
                onTouchMove={[Function]}
                onTouchStart={[Function]}
                role="button"
                tabIndex={0}
              >
                Last checked
                <svg
                  aria-hidden={true}
                  className="MuiSvgIcon-root MuiTableSortLabel-icon MuiTableSortLabel-iconDirectionAsc"
                  focusable="false"
                  viewBox="0 0 24 24"
                >
                  <path
                    d="M20 12l-1.41-1.41L13 16.17V4h-2v12.17l-5.58-5.59L4 12l8 8 8-8z"
                  />
                </svg>
              </span>
            </th>
            <th
              className="MuiTableCell-root MuiTableCell-head"
              colSpan={1}
              onClick={[Function]}
              role="columnheader"
              scope="col"
              style={
                Object {
                  "cursor": "pointer",
                }
              }
            >
              <span
                aria-disabled={false}
                className="MuiButtonBase-root MuiTableSortLabel-root"
                onBlur={[Function]}
                onDragLeave={[Function]}
                onFocus={[Function]}
                onKeyDown={[Function]}
                onKeyUp={[Function]}
                onMouseDown={[Function]}
                onMouseLeave={[Function]}
                onMouseUp={[Function]}
                onTouchEnd={[Function]}
                onTouchMove={[Function]}
                onTouchStart={[Function]}
                role="button"
                tabIndex={0}
              >
                Next update
                <svg
                  aria-hidden={true}
                  className="MuiSvgIcon-root MuiTableSortLabel-icon MuiTableSortLabel-iconDirectionAsc"
                  focusable="false"
                  viewBox="0 0 24 24"
                >
                  <path
                    d="M20 12l-1.41-1.41L13 16.17V4h-2v12.17l-5.58-5.59L4 12l8 8 8-8z"
                  />
                </svg>
              </span>
            </th>
            <th
              className="MuiTableCell-root MuiTableCell-head"
              colSpan={1}
              onClick={[Function]}
              role="columnheader"
              scope="col"
              style={
                Object {
                  "cursor": "pointer",
                }
              }
              width="1%"
            >
              <span
                aria-disabled={false}
                className="MuiButtonBase-root MuiTableSortLabel-root"
                onBlur={[Function]}
                onDragLeave={[Function]}
                onFocus={[Function]}
                onKeyDown={[Function]}
                onKeyUp={[Function]}
                onMouseDown={[Function]}
                onMouseLeave={[Function]}
                onMouseUp={[Function]}
                onTouchEnd={[Function]}
                onTouchMove={[Function]}
                onTouchStart={[Function]}
                role="button"
                tabIndex={0}
              >
                Disabled
                <svg
                  aria-hidden={true}
                  className="MuiSvgIcon-root MuiTableSortLabel-icon MuiTableSortLabel-iconDirectionAsc"
                  focusable="false"
                  viewBox="0 0 24 24"
                >
                  <path
                    d="M20 12l-1.41-1.41L13 16.17V4h-2v12.17l-5.58-5.59L4 12l8 8 8-8z"
                  />
                </svg>
              </span>
            </th>
          </tr>
        </thead>
        <tbody
          aria-live="polite"
          className="MuiTableBody-root"
          role="rowgroup"
        >
          <tr
            className="MuiTableRow-root"
            role="row"
          >
            <td
              aria-sort={null}
              className="MuiTableCell-root MuiTableCell-body MuiTableCell-paddingCheckbox"
              role="cell"
            >
              <div
                className="makeStyles-editCell-1"
              >
                <button
                  aria-label="edit row"
                  className="MuiButtonBase-root MuiIconButton-root"
                  disabled={false}
                  name="edit"
                  onBlur={[Function]}
                  onClick={[Function]}
                  onDragLeave={[Function]}
                  onFocus={[Function]}
                  onKeyDown={[Function]}
                  onKeyUp={[Function]}
                  onMouseDown={[Function]}
                  onMouseLeave={[Function]}
                  onMouseUp={[Function]}
                  onTouchEnd={[Function]}
                  onTouchMove={[Function]}
                  onTouchStart={[Function]}
                  tabIndex={0}
                  type="button"
                >
                  <span
                    className="MuiIconButton-label"
                  >
                    <svg
                      aria-hidden={true}
                      className="MuiSvgIcon-root"
                      focusable="false"
                      viewBox="0 0 24 24"
                    >
                      <path
                        d="M3 17.25V21h3.75L17.81 9.94l-3.75-3.75L3 17.25zM20.71 7.04c.39-.39.39-1.02 0-1.41l-2.34-2.34a.9959.9959 0 00-1.41 0l-1.83 1.83 3.75 3.75 1.83-1.83z"
                      />
                    </svg>
                  </span>
                  <span
                    className="MuiTouchRipple-root"
                  />
                </button>
              </div>
            </td>
            <td
              aria-sort={null}
              className="MuiTableCell-root MuiTableCell-body"
              role="cell"
            >
              2
            </td>
            <td
              aria-sort={null}
              className="MuiTableCell-root MuiTableCell-body"
              role="cell"
            >
              MangaDex
            </td>
            <td
              aria-sort={null}
              className="MuiTableCell-root MuiTableCell-body"
              role="cell"
            >
              Jul 15th, 16:35 - 1 day ago
            </td>
            <td
              aria-sort={null}
              className="MuiTableCell-root MuiTableCell-body"
              role="cell"
            >
              Jul 15th, 17:05 - 1 day ago
            </td>
            <td
              aria-sort={null}
              className="MuiTableCell-root MuiTableCell-body"
              role="cell"
            >
              <span
                aria-disabled={true}
                className="MuiButtonBase-root MuiIconButton-root PrivateSwitchBase-root-7 MuiCheckbox-root MuiCheckbox-colorSecondary PrivateSwitchBase-disabled-9 Mui-disabled MuiIconButton-colorSecondary Mui-disabled Mui-disabled"
                onBlur={[Function]}
                onDragLeave={[Function]}
                onFocus={[Function]}
                onKeyDown={[Function]}
                onKeyUp={[Function]}
                onMouseDown={[Function]}
                onMouseLeave={[Function]}
                onMouseUp={[Function]}
                onTouchEnd={[Function]}
                onTouchMove={[Function]}
                onTouchStart={[Function]}
                tabIndex={-1}
              >
                <span
                  className="MuiIconButton-label"
                >
                  <input
                    checked={false}
                    className="PrivateSwitchBase-input-10"
                    data-indeterminate={false}
                    disabled={true}
                    onChange={[Function]}
                    type="checkbox"
                  />
                  <svg
                    aria-hidden={true}
                    className="MuiSvgIcon-root"
                    focusable="false"
                    viewBox="0 0 24 24"
                  >
                    <path
                      d="M19 5v14H5V5h14m0-2H5c-1.1 0-2 .9-2 2v14c0 1.1.9 2 2 2h14c1.1 0 2-.9 2-2V5c0-1.1-.9-2-2-2z"
                    />
                  </svg>
                </span>
              </span>
            </td>
          </tr>
          <tr
            className="MuiTableRow-root"
            role="row"
          >
            <td
              aria-sort={null}
              className="MuiTableCell-root MuiTableCell-body MuiTableCell-paddingCheckbox"
              role="cell"
            >
              <div
                className="makeStyles-editCell-1"
              >
                <button
                  aria-label="edit row"
                  className="MuiButtonBase-root MuiIconButton-root"
                  disabled={false}
                  name="edit"
                  onBlur={[Function]}
                  onClick={[Function]}
                  onDragLeave={[Function]}
                  onFocus={[Function]}
                  onKeyDown={[Function]}
                  onKeyUp={[Function]}
                  onMouseDown={[Function]}
                  onMouseLeave={[Function]}
                  onMouseUp={[Function]}
                  onTouchEnd={[Function]}
                  onTouchMove={[Function]}
                  onTouchStart={[Function]}
                  tabIndex={0}
                  type="button"
                >
                  <span
                    className="MuiIconButton-label"
                  >
                    <svg
                      aria-hidden={true}
                      className="MuiSvgIcon-root"
                      focusable="false"
                      viewBox="0 0 24 24"
                    >
                      <path
                        d="M3 17.25V21h3.75L17.81 9.94l-3.75-3.75L3 17.25zM20.71 7.04c.39-.39.39-1.02 0-1.41l-2.34-2.34a.9959.9959 0 00-1.41 0l-1.83 1.83 3.75 3.75 1.83-1.83z"
                      />
                    </svg>
                  </span>
                  <span
                    className="MuiTouchRipple-root"
                  />
                </button>
              </div>
            </td>
            <td
              aria-sort={null}
              className="MuiTableCell-root MuiTableCell-body"
              role="cell"
            >
              5
            </td>
            <td
              aria-sort={null}
              className="MuiTableCell-root MuiTableCell-body"
              role="cell"
            >
              ComiXology
            </td>
            <td
              aria-sort={null}
              className="MuiTableCell-root MuiTableCell-body"
              role="cell"
            >
              Jul 15th, 15:51 - 1 day ago
            </td>
            <td
              aria-sort={null}
              className="MuiTableCell-root MuiTableCell-body"
              role="cell"
            >
              ASAP
            </td>
            <td
              aria-sort={null}
              className="MuiTableCell-root MuiTableCell-body"
              role="cell"
            >
              <span
                aria-disabled={true}
                className="MuiButtonBase-root MuiIconButton-root PrivateSwitchBase-root-7 MuiCheckbox-root MuiCheckbox-colorSecondary PrivateSwitchBase-disabled-9 Mui-disabled MuiIconButton-colorSecondary Mui-disabled Mui-disabled"
                onBlur={[Function]}
                onDragLeave={[Function]}
                onFocus={[Function]}
                onKeyDown={[Function]}
                onKeyUp={[Function]}
                onMouseDown={[Function]}
                onMouseLeave={[Function]}
                onMouseUp={[Function]}
                onTouchEnd={[Function]}
                onTouchMove={[Function]}
                onTouchStart={[Function]}
                tabIndex={-1}
              >
                <span
                  className="MuiIconButton-label"
                >
                  <input
                    checked={false}
                    className="PrivateSwitchBase-input-10"
                    data-indeterminate={false}
                    disabled={true}
                    onChange={[Function]}
                    type="checkbox"
                  />
                  <svg
                    aria-hidden={true}
                    className="MuiSvgIcon-root"
                    focusable="false"
                    viewBox="0 0 24 24"
                  >
                    <path
                      d="M19 5v14H5V5h14m0-2H5c-1.1 0-2 .9-2 2v14c0 1.1.9 2 2 2h14c1.1 0 2-.9 2-2V5c0-1.1-.9-2-2-2z"
                    />
                  </svg>
                </span>
              </span>
            </td>
          </tr>
          <tr
            className="MuiTableRow-root"
            role="row"
          >
            <td
              aria-sort={null}
              className="MuiTableCell-root MuiTableCell-body MuiTableCell-paddingCheckbox"
              role="cell"
            >
              <div
                className="makeStyles-editCell-1"
              >
                <button
                  aria-label="edit row"
                  className="MuiButtonBase-root MuiIconButton-root"
                  disabled={false}
                  name="edit"
                  onBlur={[Function]}
                  onClick={[Function]}
                  onDragLeave={[Function]}
                  onFocus={[Function]}
                  onKeyDown={[Function]}
                  onKeyUp={[Function]}
                  onMouseDown={[Function]}
                  onMouseLeave={[Function]}
                  onMouseUp={[Function]}
                  onTouchEnd={[Function]}
                  onTouchMove={[Function]}
                  onTouchStart={[Function]}
                  tabIndex={0}
                  type="button"
                >
                  <span
                    className="MuiIconButton-label"
                  >
                    <svg
                      aria-hidden={true}
                      className="MuiSvgIcon-root"
                      focusable="false"
                      viewBox="0 0 24 24"
                    >
                      <path
                        d="M3 17.25V21h3.75L17.81 9.94l-3.75-3.75L3 17.25zM20.71 7.04c.39-.39.39-1.02 0-1.41l-2.34-2.34a.9959.9959 0 00-1.41 0l-1.83 1.83 3.75 3.75 1.83-1.83z"
                      />
                    </svg>
                  </span>
                  <span
                    className="MuiTouchRipple-root"
                  />
                </button>
              </div>
            </td>
            <td
              aria-sort={null}
              className="MuiTableCell-root MuiTableCell-body"
              role="cell"
            >
              4
            </td>
            <td
              aria-sort={null}
              className="MuiTableCell-root MuiTableCell-body"
              role="cell"
            >
              Kodansha Comics
            </td>
            <td
              aria-sort={null}
              className="MuiTableCell-root MuiTableCell-body"
              role="cell"
            >
              Never
            </td>
            <td
              aria-sort={null}
              className="MuiTableCell-root MuiTableCell-body"
              role="cell"
            >
              Jul 15th, 17:46 - 1 day ago
            </td>
            <td
              aria-sort={null}
              className="MuiTableCell-root MuiTableCell-body"
              role="cell"
            >
              <span
                aria-disabled={true}
                className="MuiButtonBase-root MuiIconButton-root PrivateSwitchBase-root-7 MuiCheckbox-root MuiCheckbox-colorSecondary PrivateSwitchBase-checked-8 Mui-checked PrivateSwitchBase-disabled-9 Mui-disabled MuiIconButton-colorSecondary Mui-disabled Mui-disabled"
                onBlur={[Function]}
                onDragLeave={[Function]}
                onFocus={[Function]}
                onKeyDown={[Function]}
                onKeyUp={[Function]}
                onMouseDown={[Function]}
                onMouseLeave={[Function]}
                onMouseUp={[Function]}
                onTouchEnd={[Function]}
                onTouchMove={[Function]}
                onTouchStart={[Function]}
                tabIndex={-1}
              >
                <span
                  className="MuiIconButton-label"
                >
                  <input
                    checked={true}
                    className="PrivateSwitchBase-input-10"
                    data-indeterminate={false}
                    disabled={true}
                    onChange={[Function]}
                    type="checkbox"
                  />
                  <svg
                    aria-hidden={true}
                    className="MuiSvgIcon-root"
                    focusable="false"
                    viewBox="0 0 24 24"
                  >
                    <path
                      d="M19 3H5c-1.11 0-2 .9-2 2v14c0 1.1.89 2 2 2h14c1.11 0 2-.9 2-2V5c0-1.1-.89-2-2-2zm-9 14l-5-5 1.41-1.41L10 14.17l7.59-7.59L19 8l-9 9z"
                    />
                  </svg>
                </span>
              </span>
            </td>
          </tr>
          <tr
            className="MuiTableRow-root"
            role="row"
          >
            <td
              aria-sort={null}
              className="MuiTableCell-root MuiTableCell-body MuiTableCell-paddingCheckbox"
              role="cell"
            >
              <div
                className="makeStyles-editCell-1"
              >
                <button
                  aria-label="edit row"
                  className="MuiButtonBase-root MuiIconButton-root"
                  disabled={false}
                  name="edit"
                  onBlur={[Function]}
                  onClick={[Function]}
                  onDragLeave={[Function]}
                  onFocus={[Function]}
                  onKeyDown={[Function]}
                  onKeyUp={[Function]}
                  onMouseDown={[Function]}
                  onMouseLeave={[Function]}
                  onMouseUp={[Function]}
                  onTouchEnd={[Function]}
                  onTouchMove={[Function]}
                  onTouchStart={[Function]}
                  tabIndex={0}
                  type="button"
                >
                  <span
                    className="MuiIconButton-label"
                  >
                    <svg
                      aria-hidden={true}
                      className="MuiSvgIcon-root"
                      focusable="false"
                      viewBox="0 0 24 24"
                    >
                      <path
                        d="M3 17.25V21h3.75L17.81 9.94l-3.75-3.75L3 17.25zM20.71 7.04c.39-.39.39-1.02 0-1.41l-2.34-2.34a.9959.9959 0 00-1.41 0l-1.83 1.83 3.75 3.75 1.83-1.83z"
                      />
                    </svg>
                  </span>
                  <span
                    className="MuiTouchRipple-root"
                  />
                </button>
              </div>
            </td>
            <td
              aria-sort={null}
              className="MuiTableCell-root MuiTableCell-body"
              role="cell"
            >
              3
            </td>
            <td
              aria-sort={null}
              className="MuiTableCell-root MuiTableCell-body"
              role="cell"
            >
              Jaimini's Box
            </td>
            <td
              aria-sort={null}
              className="MuiTableCell-root MuiTableCell-body"
              role="cell"
            >
              Jul 15th, 15:51 - 1 day ago
            </td>
            <td
              aria-sort={null}
              className="MuiTableCell-root MuiTableCell-body"
              role="cell"
            >
              Jul 15th, 16:51 - 1 day ago
            </td>
            <td
              aria-sort={null}
              className="MuiTableCell-root MuiTableCell-body"
              role="cell"
            >
              <span
                aria-disabled={true}
                className="MuiButtonBase-root MuiIconButton-root PrivateSwitchBase-root-7 MuiCheckbox-root MuiCheckbox-colorSecondary PrivateSwitchBase-disabled-9 Mui-disabled MuiIconButton-colorSecondary Mui-disabled Mui-disabled"
                onBlur={[Function]}
                onDragLeave={[Function]}
                onFocus={[Function]}
                onKeyDown={[Function]}
                onKeyUp={[Function]}
                onMouseDown={[Function]}
                onMouseLeave={[Function]}
                onMouseUp={[Function]}
                onTouchEnd={[Function]}
                onTouchMove={[Function]}
                onTouchStart={[Function]}
                tabIndex={-1}
              >
                <span
                  className="MuiIconButton-label"
                >
                  <input
                    checked={false}
                    className="PrivateSwitchBase-input-10"
                    data-indeterminate={false}
                    disabled={true}
                    onChange={[Function]}
                    type="checkbox"
                  />
                  <svg
                    aria-hidden={true}
                    className="MuiSvgIcon-root"
                    focusable="false"
                    viewBox="0 0 24 24"
                  >
                    <path
                      d="M19 5v14H5V5h14m0-2H5c-1.1 0-2 .9-2 2v14c0 1.1.9 2 2 2h14c1.1 0 2-.9 2-2V5c0-1.1-.9-2-2-2z"
                    />
                  </svg>
                </span>
              </span>
            </td>
          </tr>
          <tr
            className="MuiTableRow-root"
            role="row"
          >
            <td
              aria-sort={null}
              className="MuiTableCell-root MuiTableCell-body MuiTableCell-paddingCheckbox"
              role="cell"
            >
              <div
                className="makeStyles-editCell-1"
              >
                <button
                  aria-label="edit row"
                  className="MuiButtonBase-root MuiIconButton-root"
                  disabled={false}
                  name="edit"
                  onBlur={[Function]}
                  onClick={[Function]}
                  onDragLeave={[Function]}
                  onFocus={[Function]}
                  onKeyDown={[Function]}
                  onKeyUp={[Function]}
                  onMouseDown={[Function]}
                  onMouseLeave={[Function]}
                  onMouseUp={[Function]}
                  onTouchEnd={[Function]}
                  onTouchMove={[Function]}
                  onTouchStart={[Function]}
                  tabIndex={0}
                  type="button"
                >
                  <span
                    className="MuiIconButton-label"
                  >
                    <svg
                      aria-hidden={true}
                      className="MuiSvgIcon-root"
                      focusable="false"
                      viewBox="0 0 24 24"
                    >
                      <path
                        d="M3 17.25V21h3.75L17.81 9.94l-3.75-3.75L3 17.25zM20.71 7.04c.39-.39.39-1.02 0-1.41l-2.34-2.34a.9959.9959 0 00-1.41 0l-1.83 1.83 3.75 3.75 1.83-1.83z"
                      />
                    </svg>
                  </span>
                  <span
                    className="MuiTouchRipple-root"
                  />
                </button>
              </div>
            </td>
            <td
              aria-sort={null}
              className="MuiTableCell-root MuiTableCell-body"
              role="cell"
            >
              1
            </td>
            <td
              aria-sort={null}
              className="MuiTableCell-root MuiTableCell-body"
              role="cell"
            >
              MANGA Plus
            </td>
            <td
              aria-sort={null}
              className="MuiTableCell-root MuiTableCell-body"
              role="cell"
            >
              Jul 15th, 15:51 - 1 day ago
            </td>
            <td
              aria-sort={null}
              className="MuiTableCell-root MuiTableCell-body"
              role="cell"
            >
              ASAP
            </td>
            <td
              aria-sort={null}
              className="MuiTableCell-root MuiTableCell-body"
              role="cell"
            >
              <span
                aria-disabled={true}
                className="MuiButtonBase-root MuiIconButton-root PrivateSwitchBase-root-7 MuiCheckbox-root MuiCheckbox-colorSecondary PrivateSwitchBase-disabled-9 Mui-disabled MuiIconButton-colorSecondary Mui-disabled Mui-disabled"
                onBlur={[Function]}
                onDragLeave={[Function]}
                onFocus={[Function]}
                onKeyDown={[Function]}
                onKeyUp={[Function]}
                onMouseDown={[Function]}
                onMouseLeave={[Function]}
                onMouseUp={[Function]}
                onTouchEnd={[Function]}
                onTouchMove={[Function]}
                onTouchStart={[Function]}
                tabIndex={-1}
              >
                <span
                  className="MuiIconButton-label"
                >
                  <input
                    checked={false}
                    className="PrivateSwitchBase-input-10"
                    data-indeterminate={false}
                    disabled={true}
                    onChange={[Function]}
                    type="checkbox"
                  />
                  <svg
                    aria-hidden={true}
                    className="MuiSvgIcon-root"
                    focusable="false"
                    viewBox="0 0 24 24"
                  >
                    <path
                      d="M19 5v14H5V5h14m0-2H5c-1.1 0-2 .9-2 2v14c0 1.1.9 2 2 2h14c1.1 0 2-.9 2-2V5c0-1.1-.9-2-2-2z"
                    />
                  </svg>
                </span>
              </span>
            </td>
          </tr>
        </tbody>
      </table>
    </div>
  </div>
</div>
`;

exports[`Services page should render correctly should render correctly without services 1`] = `
<div
  className="MuiContainer-root MuiContainer-maxWidthLg"
  style={
    Object {
      "minWidth": "950px",
    }
  }
>
  <div
    className="MuiPaper-root MuiTableContainer-root MuiPaper-elevation1 MuiPaper-rounded"
  >
    <div>
      <div
        className="MuiToolbar-root MuiToolbar-regular makeStyles-root-5 MuiToolbar-gutters"
      >
        <h6
          className="MuiTypography-root makeStyles-title-6 MuiTypography-h6"
        >
          Services
        </h6>
      </div>
      <table
        aria-label="Services"
        className="MuiTable-root"
        role="table"
      >
        <colgroup>
          <col />
          <col />
          <col />
          <col />
          <col />
        </colgroup>
        <thead
          className="MuiTableHead-root makeStyles-tableHead-2"
          role={null}
        >
          <tr
            className="MuiTableRow-root MuiTableRow-head"
            role="row"
          >
            <th
              className="MuiTableCell-root MuiTableCell-head"
              colSpan={1}
              role="columnheader"
              scope="col"
              style={
                Object {
                  "cursor": undefined,
                }
              }
            />
            <th
              className="MuiTableCell-root MuiTableCell-head"
              colSpan={1}
              onClick={[Function]}
              role="columnheader"
              scope="col"
              style={
                Object {
                  "cursor": "pointer",
                }
              }
            >
              <span
                aria-disabled={false}
                className="MuiButtonBase-root MuiTableSortLabel-root"
                onBlur={[Function]}
                onDragLeave={[Function]}
                onFocus={[Function]}
                onKeyDown={[Function]}
                onKeyUp={[Function]}
                onMouseDown={[Function]}
                onMouseLeave={[Function]}
                onMouseUp={[Function]}
                onTouchEnd={[Function]}
                onTouchMove={[Function]}
                onTouchStart={[Function]}
                role="button"
                tabIndex={0}
              >
                Id
                <svg
                  aria-hidden={true}
                  className="MuiSvgIcon-root MuiTableSortLabel-icon MuiTableSortLabel-iconDirectionAsc"
                  focusable="false"
                  viewBox="0 0 24 24"
                >
                  <path
                    d="M20 12l-1.41-1.41L13 16.17V4h-2v12.17l-5.58-5.59L4 12l8 8 8-8z"
                  />
                </svg>
              </span>
            </th>
            <th
              className="MuiTableCell-root MuiTableCell-head"
              colSpan={1}
              onClick={[Function]}
              role="columnheader"
              scope="col"
              style={
                Object {
                  "cursor": "pointer",
                }
              }
            >
              <span
                aria-disabled={false}
                className="MuiButtonBase-root MuiTableSortLabel-root"
                onBlur={[Function]}
                onDragLeave={[Function]}
                onFocus={[Function]}
                onKeyDown={[Function]}
                onKeyUp={[Function]}
                onMouseDown={[Function]}
                onMouseLeave={[Function]}
                onMouseUp={[Function]}
                onTouchEnd={[Function]}
                onTouchMove={[Function]}
                onTouchStart={[Function]}
                role="button"
                tabIndex={0}
              >
                Name
                <svg
                  aria-hidden={true}
                  className="MuiSvgIcon-root MuiTableSortLabel-icon MuiTableSortLabel-iconDirectionAsc"
                  focusable="false"
                  viewBox="0 0 24 24"
                >
                  <path
                    d="M20 12l-1.41-1.41L13 16.17V4h-2v12.17l-5.58-5.59L4 12l8 8 8-8z"
                  />
                </svg>
              </span>
            </th>
            <th
              className="MuiTableCell-root MuiTableCell-head"
              colSpan={1}
              onClick={[Function]}
              role="columnheader"
              scope="col"
              style={
                Object {
                  "cursor": "pointer",
                }
              }
            >
              <span
                aria-disabled={false}
                className="MuiButtonBase-root MuiTableSortLabel-root"
                onBlur={[Function]}
                onDragLeave={[Function]}
                onFocus={[Function]}
                onKeyDown={[Function]}
                onKeyUp={[Function]}
                onMouseDown={[Function]}
                onMouseLeave={[Function]}
                onMouseUp={[Function]}
                onTouchEnd={[Function]}
                onTouchMove={[Function]}
                onTouchStart={[Function]}
                role="button"
                tabIndex={0}
              >
                Last checked
                <svg
                  aria-hidden={true}
                  className="MuiSvgIcon-root MuiTableSortLabel-icon MuiTableSortLabel-iconDirectionAsc"
                  focusable="false"
                  viewBox="0 0 24 24"
                >
                  <path
                    d="M20 12l-1.41-1.41L13 16.17V4h-2v12.17l-5.58-5.59L4 12l8 8 8-8z"
                  />
                </svg>
              </span>
            </th>
            <th
              className="MuiTableCell-root MuiTableCell-head"
              colSpan={1}
              onClick={[Function]}
              role="columnheader"
              scope="col"
              style={
                Object {
                  "cursor": "pointer",
                }
              }
            >
              <span
                aria-disabled={false}
                className="MuiButtonBase-root MuiTableSortLabel-root"
                onBlur={[Function]}
                onDragLeave={[Function]}
                onFocus={[Function]}
                onKeyDown={[Function]}
                onKeyUp={[Function]}
                onMouseDown={[Function]}
                onMouseLeave={[Function]}
                onMouseUp={[Function]}
                onTouchEnd={[Function]}
                onTouchMove={[Function]}
                onTouchStart={[Function]}
                role="button"
                tabIndex={0}
              >
                Next update
                <svg
                  aria-hidden={true}
                  className="MuiSvgIcon-root MuiTableSortLabel-icon MuiTableSortLabel-iconDirectionAsc"
                  focusable="false"
                  viewBox="0 0 24 24"
                >
                  <path
                    d="M20 12l-1.41-1.41L13 16.17V4h-2v12.17l-5.58-5.59L4 12l8 8 8-8z"
                  />
                </svg>
              </span>
            </th>
            <th
              className="MuiTableCell-root MuiTableCell-head"
              colSpan={1}
              onClick={[Function]}
              role="columnheader"
              scope="col"
              style={
                Object {
                  "cursor": "pointer",
                }
              }
              width="1%"
            >
              <span
                aria-disabled={false}
                className="MuiButtonBase-root MuiTableSortLabel-root"
                onBlur={[Function]}
                onDragLeave={[Function]}
                onFocus={[Function]}
                onKeyDown={[Function]}
                onKeyUp={[Function]}
                onMouseDown={[Function]}
                onMouseLeave={[Function]}
                onMouseUp={[Function]}
                onTouchEnd={[Function]}
                onTouchMove={[Function]}
                onTouchStart={[Function]}
                role="button"
                tabIndex={0}
              >
                Disabled
                <svg
                  aria-hidden={true}
                  className="MuiSvgIcon-root MuiTableSortLabel-icon MuiTableSortLabel-iconDirectionAsc"
                  focusable="false"
                  viewBox="0 0 24 24"
                >
                  <path
                    d="M20 12l-1.41-1.41L13 16.17V4h-2v12.17l-5.58-5.59L4 12l8 8 8-8z"
                  />
                </svg>
              </span>
            </th>
          </tr>
        </thead>
        <tbody
          aria-live="polite"
          className="MuiTableBody-root"
          role="rowgroup"
        />
      </table>
    </div>
  </div>
</div>
`;
